
> tunisian_lens@0.0.0 build
> tsc -b && vite build

src/pages/Hire.tsx(108,41): error TS2339: Property 'packages' does not exist on type 'Artist'.
src/pages/Hire.tsx(108,55): error TS7006: Parameter 'pkg' implicitly has an 'any' type.
src/pages/Hire.tsx(108,60): error TS7006: Parameter 'i' implicitly has an 'any' type.
src/pages/Hire.tsx(136,63): error TS7006: Parameter 'item' implicitly has an 'any' type.
src/pages/Hire.tsx(196,61): error TS2339: Property 'packages' does not exist on type 'Artist'.
src/pages/Hire.tsx(196,75): error TS7006: Parameter 'pkg' implicitly has an 'any' type.
src/pages/Hire.tsx(196,80): error TS7006: Parameter 'i' implicitly has an 'any' type.
src/pages/Hire.tsx(213,73): error TS2339: Property 'packages' does not exist on type 'Artist'.
src/pages/Hire.tsx(213,117): error TS2339: Property 'packages' does not exist on type 'Artist'.
